// Jest Snapshot v1, https://goo.gl/fbAQLP

exports[`App component renders App 1`] = `
<DocumentFragment>
  <a
    href="/"
  >
    Home
  </a>
  <div>
    <h1>
      LOADING...
    </h1>
  </div>
</DocumentFragment>
`;
